Link map of __start


.init section layout
  Starting        Virtual  File
  address  Size   address  offset
  ---------------------------------
  00000000 000080 40005800 00000180  1 .init 	Linker Generated Symbol File 
  00000000 000060 40005800 00000180  4 _rom_copy_info 	Linker Generated Symbol File 
  00000060 000020 40005860 000001e0  4 _bss_init_info 	Linker Generated Symbol File 


.init_vle section layout
  Starting        Virtual  File
  address  Size   address  offset
  ---------------------------------
  00000000 00000e 40005880 00000200  1 .init 	MPC55xx_init_debug.o 
  00000000 00000e 40005880 00000200 16 usr_init 	MPC55xx_init_debug.o 
  0000000e 000000 4000588e 0000020e  1 .init.11 	MPC55xx_init_debug.o 
  0000000e 000002 40005890 00000210 16 *fill*
  00000010 000000 40005890 00000210  1 .init 	MPC5643L_HWInit.o 
  00000010 000000 40005890 00000210  1 .init.252 	MPC5643L_HWInit.o 
  00000010 000042 40005890 00000210  1 .init 	__ppc_eabi_init.o 
  00000010 000014 40005890 00000210 16 __init_hardware 	__ppc_eabi_init.o 
  00000030 000022 400058b0 00000230 16 __flush_cache 	__ppc_eabi_init.o 
  00000052 000002 400058d4 00000254  4 *fill*
  00000054 0000ea 400058d4 00000254  1 .init 	Runtime.PPCEABI.VS.UC.a __start.o
  00000054 000048 400058d4 00000254  4 __start 	Runtime.PPCEABI.VS.UC.a __start.o
  0000009c 00002c 4000591c 0000029c  2 __copy_rom_section 	Runtime.PPCEABI.VS.UC.a __start.o
  000000c8 00001a 40005948 000002c8  2 __init_registers 	Runtime.PPCEABI.VS.UC.a __start.o
  000000e2 00005c 40005962 000002e2  2 __init_data 	Runtime.PPCEABI.VS.UC.a __start.o
  0000013e 000000 400059be 0000033e  1 .init.130 	Runtime.PPCEABI.VS.UC.a __start.o
  0000013e 0000ca 400059be 0000033e  1 .init 	Runtime.PPCEABI.VS.UC.a __mem.o
  0000013e 000038 400059be 0000033e  2 memcpy 	Runtime.PPCEABI.VS.UC.a __mem.o
  00000176 000078 400059f6 00000376  2 __fill_mem 	Runtime.PPCEABI.VS.UC.a __mem.o
  000001ee 00001a 40005a6e 000003ee  2 memset 	Runtime.PPCEABI.VS.UC.a __mem.o


.ivor_branch_table_p0 section layout
  Starting        Virtual  File
  address  Size   address  offset
  ---------------------------------
  00000000 0000fe 40006000 00000800  1 .ivor_branch_table_p0 	ivor_branch_table_p0.o 
  00000000 0000fe 40006000 00000800 16 ivor_branch_table_p0 	ivor_branch_table_p0.o 
  000000fe 000000 400060fe 000008fe  1 .ivor_branch_table_p0.24 	ivor_branch_table_p0.o 


.intc_hw_branch_table_p0 section layout
  Starting        Virtual  File
  address  Size   address  offset
  ---------------------------------


.__exception_handlers_p0 section layout
  Starting        Virtual  File
  address  Size   address  offset
  ---------------------------------
  00000000 000096 40006100 00000900  1 .__exception_handlers_p0 	IntcInterrupts_p0.o 
  00000000 000096 40006100 00000900 16 INTC_INTCInterruptHandler 	IntcInterrupts_p0.o 
  00000096 00000a 400061a0 000009a0 16 *fill*
  000000a0 000002 400061a0 000009a0  1 .__exception_handlers_p0 	Exceptions.o 
  000000a0 000002 400061a0 000009a0 16 EXCEP_DefaultExceptionHandler 	Exceptions.o 


.intc_sw_isr_vector_table_p0 section layout
  Starting        Virtual  File
  address  Size   address  offset
  ---------------------------------


.text section layout
  Starting        Virtual  File
  address  Size   address  offset
  ---------------------------------


.text_vle section layout
  Starting        Virtual  File
  address  Size   address  offset
  ---------------------------------
  00000000 000026 40000000 00001000  1 .text 	IntcInterrupts_p0.o 
  00000000 000026 40000000 00001000 16 INTC_InitINTCInterrupts 	IntcInterrupts_p0.o 
  00000026 00000a 40000030 00001030 16 *fill*
  00000030 000082 40000030 00001030  1 .text 	__ppc_eabi_init.o 
  00000030 00003e 40000030 00001030 16 FlashConfig 	__ppc_eabi_init.o 
  00000070 000012 40000070 00001070 16 __init_user 	__ppc_eabi_init.o 
  00000090 000014 40000090 00001090 16 exit 	__ppc_eabi_init.o 
  000000b0 000002 400000b0 000010b0 16 _ExitProcess 	__ppc_eabi_init.o 
  000000b2 00000e 400000c0 000010c0 16 *fill*
  000000c0 000092 400000c0 000010c0  1 .text 	Exceptions.o 
  000000c0 000092 400000c0 000010c0 16 EXCEP_InitExceptionHandlers 	Exceptions.o 
  00000152 00000e 40000160 00001160 16 *fill*
  00000160 0006f4 40000160 00001160  1 .text 	eecs461.o 
  00000160 000024 40000160 00001160 16 initEECS461 	eecs461.o 
  00000190 00010a 40000190 00001190 16 preInit 	eecs461.o 
  000002a0 0001e6 400002a0 000012a0 16 initModeEntry 	eecs461.o 
  00000490 00025a 40000490 00001490 16 initSysClk 	eecs461.o 
  000006f0 000066 400006f0 000016f0 16 initCMU 	eecs461.o 
  00000760 0000f4 40000760 00001760 16 modeEntryPostConfig 	eecs461.o 
  00000854 000000 40000854 00001854  1 .text.360 	eecs461.o 
  00000854 00000c 40000860 00001860 16 *fill*
  00000860 000148 40000860 00001860  1 .text 	qd.o 
  00000860 0000c8 40000860 00001860 16 initQD 	qd.o 
  00000930 00002e 40000930 00001930 16 updateCounter 	qd.o 
  00000960 000048 40000960 00001960 16 updateAngle 	qd.o 
  000009a8 000000 400009a8 000019a8  1 .text.257 	qd.o 
  000009a8 000008 400009b0 000019b0 16 *fill*
  000009b0 0000ae 400009b0 000019b0  1 .text 	lab2.o 
  000009b0 0000ae 400009b0 000019b0 16 main 	lab2.o 
  00000a5e 000000 40000a5e 00001a5e  1 .text.266 	lab2.o 
  00000a5e 000064 40000a5e 00001a5e  1 .text 	Runtime.PPCEABI.VS.UC.a runtime.o
  00000a5e 00004a 40000a5e 00001a5e  2 __save_gpr 	Runtime.PPCEABI.VS.UC.a runtime.o
  00000a9e 000000 40000a9e 00001a9e    _savegpr_30 (entry of __save_gpr) 	Runtime.PPCEABI.VS.UC.a runtime.o
  00000aa8 000008 40000aa8 00001aa8  2 __restore_frame_and_exit 	Runtime.PPCEABI.VS.UC.a runtime.o
  00000aaa 000000 40000aaa 00001aaa    __finish_restore_frame_and_exit2 (entry of __restore_frame_and_exit) 	Runtime.PPCEABI.VS.UC.a runtime.o
  00000ab0 00000a 40000ab0 00001ab0  2 __restore_gpr_31_exit 	Runtime.PPCEABI.VS.UC.a runtime.o
  00000ab6 000000 40000ab6 00001ab6    __finish_restore_frame_and_exit (entry of __restore_gpr_31_exit) 	Runtime.PPCEABI.VS.UC.a runtime.o
  00000aba 000008 40000aba 00001aba  2 __restore_gpr_30_exit 	Runtime.PPCEABI.VS.UC.a runtime.o
  00000ac2 000000 40000ac2 00001ac2  1 .text.205 	Runtime.PPCEABI.VS.UC.a runtime.o
  00000ac2 00000e 40000ad0 00001ad0 16 *fill*
  00000ad0 000936 40000ad0 00001ad0  1 .text 	Runtime.PPCEABI.VS.UC.a C:\CVSCheckOut\eppc_support\Do_Not_Distribute\zen_fpemu\Src\vle_ppcsfpe.o
  00000ad0 000028 40000ad0 00001ad0 16 _f_itof 	Runtime.PPCEABI.VS.UC.a C:\CVSCheckOut\eppc_support\Do_Not_Distribute\zen_fpemu\Src\vle_ppcsfpe.o
  00000b00 000044 40000b00 00001b00 16 _f_qtof 	Runtime.PPCEABI.VS.UC.a C:\CVSCheckOut\eppc_support\Do_Not_Distribute\zen_fpemu\Src\vle_ppcsfpe.o
  00000b04 000000 40000b04 00001b04    _d_dtof (entry of _f_qtof) 	Runtime.PPCEABI.VS.UC.a C:\CVSCheckOut\eppc_support\Do_Not_Distribute\zen_fpemu\Src\vle_ppcsfpe.o
  00000b50 000046 40000b50 00001b50 16 _f_ftod 	Runtime.PPCEABI.VS.UC.a C:\CVSCheckOut\eppc_support\Do_Not_Distribute\zen_fpemu\Src\vle_ppcsfpe.o
  00000ba0 000092 40000ba0 00001ba0 16 _f_ftoi 	Runtime.PPCEABI.VS.UC.a C:\CVSCheckOut\eppc_support\Do_Not_Distribute\zen_fpemu\Src\vle_ppcsfpe.o
  00000bbc 000000 40000bbc 00001bbc    Xtoshort_common (entry of _f_ftoi) 	Runtime.PPCEABI.VS.UC.a C:\CVSCheckOut\eppc_support\Do_Not_Distribute\zen_fpemu\Src\vle_ppcsfpe.o
  00000c40 0000c2 40000c40 00001c40 16 _d_dtoi 	Runtime.PPCEABI.VS.UC.a C:\CVSCheckOut\eppc_support\Do_Not_Distribute\zen_fpemu\Src\vle_ppcsfpe.o
  00000c56 000000 40000c56 00001c56    Xtolong_common (entry of _d_dtoi) 	Runtime.PPCEABI.VS.UC.a C:\CVSCheckOut\eppc_support\Do_Not_Distribute\zen_fpemu\Src\vle_ppcsfpe.o
  00000d10 000156 40000d10 00001d10 16 _f_mul 	Runtime.PPCEABI.VS.UC.a C:\CVSCheckOut\eppc_support\Do_Not_Distribute\zen_fpemu\Src\vle_ppcsfpe.o
  00000d42 000000 40000d42 00001d42    f_coerce_result (entry of _f_mul) 	Runtime.PPCEABI.VS.UC.a C:\CVSCheckOut\eppc_support\Do_Not_Distribute\zen_fpemu\Src\vle_ppcsfpe.o
  00000df2 000000 40000df2 00001df2    f_result_is_INF (entry of _f_mul) 	Runtime.PPCEABI.VS.UC.a C:\CVSCheckOut\eppc_support\Do_Not_Distribute\zen_fpemu\Src\vle_ppcsfpe.o
  00000e40 000000 40000e40 00001e40    f_result_is_zero (entry of _f_mul) 	Runtime.PPCEABI.VS.UC.a C:\CVSCheckOut\eppc_support\Do_Not_Distribute\zen_fpemu\Src\vle_ppcsfpe.o
  00000e52 000000 40000e52 00001e52    f_result_is_Invalid (entry of _f_mul) 	Runtime.PPCEABI.VS.UC.a C:\CVSCheckOut\eppc_support\Do_Not_Distribute\zen_fpemu\Src\vle_ppcsfpe.o
  00000e70 0001ee 40000e70 00001e70 16 _d_mul 	Runtime.PPCEABI.VS.UC.a C:\CVSCheckOut\eppc_support\Do_Not_Distribute\zen_fpemu\Src\vle_ppcsfpe.o
  00000ed8 000000 40000ed8 00001ed8    d_coerce_result_prepare (entry of _d_mul) 	Runtime.PPCEABI.VS.UC.a C:\CVSCheckOut\eppc_support\Do_Not_Distribute\zen_fpemu\Src\vle_ppcsfpe.o
  00000edc 000000 40000edc 00001edc    d_coerce_result (entry of _d_mul) 	Runtime.PPCEABI.VS.UC.a C:\CVSCheckOut\eppc_support\Do_Not_Distribute\zen_fpemu\Src\vle_ppcsfpe.o
  00000fa6 000000 40000fa6 00001fa6    d_double_result_and_exit (entry of _d_mul) 	Runtime.PPCEABI.VS.UC.a C:\CVSCheckOut\eppc_support\Do_Not_Distribute\zen_fpemu\Src\vle_ppcsfpe.o
  00000fb2 000000 40000fb2 00001fb2    d_result_is_INF (entry of _d_mul) 	Runtime.PPCEABI.VS.UC.a C:\CVSCheckOut\eppc_support\Do_Not_Distribute\zen_fpemu\Src\vle_ppcsfpe.o
  00001004 000000 40001004 00002004    d_result_is_zero (entry of _d_mul) 	Runtime.PPCEABI.VS.UC.a C:\CVSCheckOut\eppc_support\Do_Not_Distribute\zen_fpemu\Src\vle_ppcsfpe.o
  00001010 000000 40001010 00002010    d_both_NaNs (entry of _d_mul) 	Runtime.PPCEABI.VS.UC.a C:\CVSCheckOut\eppc_support\Do_Not_Distribute\zen_fpemu\Src\vle_ppcsfpe.o
  00001016 000000 40001016 00002016    d_x_is_NaN (entry of _d_mul) 	Runtime.PPCEABI.VS.UC.a C:\CVSCheckOut\eppc_support\Do_Not_Distribute\zen_fpemu\Src\vle_ppcsfpe.o
  0000101c 000000 4000101c 0000201c    d_result_is_Invalid (entry of _d_mul) 	Runtime.PPCEABI.VS.UC.a C:\CVSCheckOut\eppc_support\Do_Not_Distribute\zen_fpemu\Src\vle_ppcsfpe.o
  00001028 000000 40001028 00002028    d_y_is_NaN (entry of _d_mul) 	Runtime.PPCEABI.VS.UC.a C:\CVSCheckOut\eppc_support\Do_Not_Distribute\zen_fpemu\Src\vle_ppcsfpe.o
  00001060 0000a2 40001060 00002060 16 divu_l_r3_r4_r5 	Runtime.PPCEABI.VS.UC.a C:\CVSCheckOut\eppc_support\Do_Not_Distribute\zen_fpemu\Src\vle_ppcsfpe.o
  00001110 00010a 40001110 00002110 16 _d_div 	Runtime.PPCEABI.VS.UC.a C:\CVSCheckOut\eppc_support\Do_Not_Distribute\zen_fpemu\Src\vle_ppcsfpe.o
  00001220 00009a 40001220 00002220 16 f_unpack_1 	Runtime.PPCEABI.VS.UC.a C:\CVSCheckOut\eppc_support\Do_Not_Distribute\zen_fpemu\Src\vle_ppcsfpe.o
  00001228 000000 40001228 00002228    f_unpack_2 (entry of f_unpack_1) 	Runtime.PPCEABI.VS.UC.a C:\CVSCheckOut\eppc_support\Do_Not_Distribute\zen_fpemu\Src\vle_ppcsfpe.o
  000012c0 0000f6 400012c0 000022c0 16 d_unpack_1 	Runtime.PPCEABI.VS.UC.a C:\CVSCheckOut\eppc_support\Do_Not_Distribute\zen_fpemu\Src\vle_ppcsfpe.o
  000012c8 000000 400012c8 000022c8    d_unpack_2 (entry of d_unpack_1) 	Runtime.PPCEABI.VS.UC.a C:\CVSCheckOut\eppc_support\Do_Not_Distribute\zen_fpemu\Src\vle_ppcsfpe.o
  000013c0 00002e 400013c0 000023c0 16 load_rounding_0x2000 	Runtime.PPCEABI.VS.UC.a C:\CVSCheckOut\eppc_support\Do_Not_Distribute\zen_fpemu\Src\vle_ppcsfpe.o
  000013c4 000000 400013c4 000023c4    load_rounding_0x0200 (entry of load_rounding_0x2000) 	Runtime.PPCEABI.VS.UC.a C:\CVSCheckOut\eppc_support\Do_Not_Distribute\zen_fpemu\Src\vle_ppcsfpe.o
  000013c8 000000 400013c8 000023c8    load_rounding_0x1200 (entry of load_rounding_0x2000) 	Runtime.PPCEABI.VS.UC.a C:\CVSCheckOut\eppc_support\Do_Not_Distribute\zen_fpemu\Src\vle_ppcsfpe.o
  000013cc 000000 400013cc 000023cc    load_rounding_0x0a00 (entry of load_rounding_0x2000) 	Runtime.PPCEABI.VS.UC.a C:\CVSCheckOut\eppc_support\Do_Not_Distribute\zen_fpemu\Src\vle_ppcsfpe.o
  000013d2 000000 400013d2 000023d2    load_rounding_cr_simple (entry of load_rounding_0x2000) 	Runtime.PPCEABI.VS.UC.a C:\CVSCheckOut\eppc_support\Do_Not_Distribute\zen_fpemu\Src\vle_ppcsfpe.o
  000013d4 000000 400013d4 000023d4    load_rounding_cr (entry of load_rounding_0x2000) 	Runtime.PPCEABI.VS.UC.a C:\CVSCheckOut\eppc_support\Do_Not_Distribute\zen_fpemu\Src\vle_ppcsfpe.o
  000013f0 000016 400013f0 000023f0 16 proloque 	Runtime.PPCEABI.VS.UC.a C:\CVSCheckOut\eppc_support\Do_Not_Distribute\zen_fpemu\Src\vle_ppcsfpe.o
  000013fa 000000 400013fa 000023fa    epiloque (entry of proloque) 	Runtime.PPCEABI.VS.UC.a C:\CVSCheckOut\eppc_support\Do_Not_Distribute\zen_fpemu\Src\vle_ppcsfpe.o


.rodata section layout
  Starting        Virtual  File
  address  Size   address  offset
  ---------------------------------
  00000000 00000c 40001408 00002408  1 .rodata 	__ppc_eabi_init.o 
  00000000 00000c 40001408 00002408  4 @261 	__ppc_eabi_init.o 


.ctors section layout
  Starting        Virtual  File
  address  Size   address  offset
  ---------------------------------


.dtors section layout
  Starting        Virtual  File
  address  Size   address  offset
  ---------------------------------


extab section layout
  Starting        Virtual  File
  address  Size   address  offset
  ---------------------------------


extabindex section layout
  Starting        Virtual  File
  address  Size   address  offset
  ---------------------------------


.__uninitialized_intc_handlertable section layout
  Starting        Virtual  File
  address  Size   address  offset
  ---------------------------------
  00000000 0004d0 40008000 00002420  1 .__uninitialized_intc_handlertable 	IntcInterrupts_p0.o 
  00000000 0004d0 40008000 00002420  8 INTCInterruptsHandlerTable_p0 	IntcInterrupts_p0.o 


.data section layout
  Starting        Virtual  File
  address  Size   address  offset
  ---------------------------------


.sdata section layout
  Starting        Virtual  File
  address  Size   address  offset
  ---------------------------------
  00000000 000002 400084d0 00002420  1 .sdata 	qd.o 
  00000000 000002 400084d0 00002420  2 @LOCAL@updateCounter__Fv@last_count@1 	qd.o 


.sbss section layout
  Starting        Virtual  File
  address  Size   address  offset
  ---------------------------------
  00000000 000006 400084d8 00002428  1 .sbss 	qd.o 
  00000000 000004 400084d8 00002428  4 @LOCAL@updateCounter__Fv@total_count 	qd.o 
  00000004 000002 400084dc 0000242c  2 @LOCAL@updateCounter__Fv@curr_count@0 	qd.o 


.sdata2 section layout
  Starting        Virtual  File
  address  Size   address  offset
  ---------------------------------


.sbss2 section layout
  Starting        Virtual  File
  address  Size   address  offset
  ---------------------------------


.bss section layout
  Starting        Virtual  File
  address  Size   address  offset
  ---------------------------------
  00000000 000004 400084e0 00002428  1 .bss 	Runtime.PPCEABI.VS.UC.a C:\CVSCheckOut\eppc_support\Do_Not_Distribute\zen_fpemu\Src\vle_ppcsfpe.o
  00000000 000004 400084e0 00002428  4 __SoftFPSCR 	Runtime.PPCEABI.VS.UC.a C:\CVSCheckOut\eppc_support\Do_Not_Distribute\zen_fpemu\Src\vle_ppcsfpe.o


Memory map:
                       Starting Size     File       S-Record
                       address           Offset     Line
                 .init 40005800 00000080 00000180        260
             .init_vle 40005880 00000208 00000200        267
  .ivor_branch_table_p0 40006000 00000100 00000800        293
  .__exception_handlers_p0 40006100 000000a4 00000900        306
                 .text 40000000 00000000 00001000          0
             .text_vle 40000000 00001408 00001000          2
               .rodata 40001408 0000000c 00002408        259
                .ctors 40001414 00000000 00002414          0
                .dtors 40001414 00000000 00002414          0
                 extab 40001414 00000000 00002414          0
            extabindex 40001414 00000000 00002414          0
  .__uninitialized_intc_handlertable 40008000 000004d0 00002420          0
                 .data 400084d0 00000000 00002420          0
                .sdata 400084d0 00000004 00002420        315
                 .sbss 400084d8 00000008 00002428          0
               .sdata2 400084e0 00000000 00002428          0
                .sbss2 400084e0 00000000 00002428          0
                  .bss 400084e0 00000004 00002428          0
      .PPC.EMB.apuinfo 00004554 00000000 00006980          0
         .debug_abbrev          00000129 00002428
           .debug_info          000010bf 00002551
           .debug_line          00001d26 00003610
            .debug_loc          000003c2 00005336
       .debug_pubnames          0000033f 000056f8


Linker generated symbols:
       EXCEPTION_HANDLERS 40006000
                  _f_init 40005800
              _f_init_rom 40005800
                  _e_init 40005880
              _f_init_vle 40005880
          _f_init_vle_rom 40005880
              _e_init_vle 40005a88
  _f_ivor_branch_table_p0 40006000
_f_ivor_branch_table_p0_rom 40006000
  _e_ivor_branch_table_p0 40006100
_f_intc_hw_branch_table_p0 40006100
_f_intc_hw_branch_table_p0_rom 40006800
_e_intc_hw_branch_table_p0 40006100
_f___exception_handlers_p0 40006100
_f___exception_handlers_p0_rom 40006100
_e___exception_handlers_p0 400061a4
_f_intc_sw_isr_vector_table_p0 40000000
_f_intc_sw_isr_vector_table_p0_rom 40000000
_e_intc_sw_isr_vector_table_p0 40000000
                  _f_text 40000000
              _f_text_rom 40000000
                  _e_text 40000000
              _f_text_vle 40000000
          _f_text_vle_rom 40000000
              _e_text_vle 40001408
                _f_rodata 40001408
            _f_rodata_rom 40001408
                _e_rodata 40001414
                 _f_ctors 40001414
             _f_ctors_rom 40001414
                 _e_ctors 40001414
                 _f_dtors 40001414
             _f_dtors_rom 40001414
                 _e_dtors 40001414
                  _fextab 40001414
              _fextab_rom 40001414
                  _eextab 40001414
             _fextabindex 40001414
         _fextabindex_rom 40001414
             _eextabindex 40001414
_f___uninitialized_intc_handlertable 40008000
_e___uninitialized_intc_handlertable 400084d0
                  _f_data 400084d0
              _f_data_rom 400084d0
                  _e_data 400084d0
                 _f_sdata 400084d0
             _f_sdata_rom 400084d0
                 _e_sdata 400084d4
                  _f_sbss 400084d8
                  _e_sbss 400084e0
                _f_sdata2 400084e0
            _f_sdata2_rom 400084e0
                _e_sdata2 400084e0
                 _f_sbss2 400084e0
                 _e_sbss2 400084e0
                   _f_bss 400084e0
                   _e_bss 400084e4
              _stack_addr 4001d000
               _stack_end 4001c000
               _heap_addr 4001b000
                _heap_end 4001c000
             _nbfunctions 0000002e
           SIZEOF_HEADERS 00000180
               _SDA_BASE_ 400104d0
              _SDA2_BASE_ 400104e0
           _ABS_SDA_BASE_ 400104d0
          _ABS_SDA2_BASE_ 400104e0
